meta validate
[32m2 files checked, 2 passed, 0 failed, 0 errors[39m

cite check
[32m2 files checked, 2 passed, 0 failed, 0 findings[39m

skipped  lint check     no lint: section
skipped  docevals run   no page resolves any evals
skipped  term check     no terms in any collection
skipped  graph check    no graph: section

6 checks over 2 files: 0 failed, 4 skipped
