manni 4.3.0   config manni.config.yaml   collection site (2 files)

meta       in play       meta: section
cite       in play       1 page carries citations
lint       not set up    no lint: section
docevals   not set up    no page resolves any evals
term       not set up    no terms in any collection
graph      not set up    no graph: section
a11y       not checked   run manni a11y check against a running site
tracevals  not checked   run manni tracevals run over sessions
