manni: Starlight in docs/. Running npm run build

> manni-docs@0.0.1 build
> astro build

[astro] `markdown.remarkPlugins`, `markdown.rehypePlugins`, and `markdown.remarkRehype` are deprecated. Pass them to `unified({...})` from `@astrojs/markdown-remark` directly instead.
[2m11:41:58[22m [34m[vite][39m Re-optimizing dependencies because vite config has changed
[2m11:41:59[22m [34m[content][39m Syncing content
[2m11:41:59[22m [34m[content][39m Synced content
[2m11:41:59[22m [34m[types][39m Generated [2m510ms[22m
[2m11:41:59[22m [34m[build][39m output: [34m"static"[39m
[2m11:41:59[22m [34m[build][39m mode: [34m"static"[39m
[2m11:41:59[22m [34m[build][39m directory: [34mC:\Users\hawkeyexl\Documents\Workspaces\manni\.claude\worktrees\frontmatter-sidecar-files-10cc57\docs\dist\[39m
[2m11:41:59[22m [34m[build][39m Collecting build info...
[2m11:41:59[22m [34m[build][39m [32m✓ Completed in 703ms.[39m
[2m11:41:59[22m [34m[build][39m Building static entrypoints...
[2m11:42:07[22m [34m[vite][39m [32m✓ built in 7.66s[39m
[2m11:42:07[22m [34m[vite][39m [32m✓ built in 93ms[39m
[2m11:42:07[22m [34m[build][39m Rearranging server assets...

[42m[30m generating static routes [39m[49m
[2m11:42:07[22m   [34m├─[39m [2m/404.html[22mEntry docs → 404 was not found.
 [2m(+29ms)[22m 
[2m11:42:07[22m   [34m├─[39m [2m/meta/proposals/ai-context/index.html[22m [2m(+2ms)[22m 
[2m11:42:07[22m   [34m├─[39m [2m/meta/proposals/artifact-evals/index.html[22m [2m(+1ms)[22m 
[2m11:42:07[22m   [34m├─[39m [2m/meta/proposals/audience/index.html[22m [2m(+1ms)[22m 
[2m11:42:07[22m   [34m├─[39m [2m/meta/proposals/citations/index.html[22m [2m(+3ms)[22m 
[2m11:42:07[22m   [34m├─[39m [2m/meta/proposals/core/index.html[22m [2m(+1ms)[22m 
[2m11:42:07[22m   [34m├─[39m [2m/meta/proposals/evals/index.html[22m [2m(+1ms)[22m 
[2m11:42:07[22m   [34m├─[39m [2m/meta/proposals/frontmatter-vocabularies/index.html[22m [2m(+1ms)[22m 
[2m11:42:07[22m   [34m├─[39m [2m/meta/proposals/graph/index.html[22m [2m(+1ms)[22m 
[2m11:42:07[22m   [34m├─[39m [2m/meta/proposals/kg/index.html[22m [2m(+1ms)[22m 
[2m11:42:07[22m   [34m├─[39m [2m/meta/proposals/lifecycle/index.html[22m [2m(+1ms)[22m 
[2m11:42:07[22m   [34m├─[39m [2m/meta/proposals/stewardship/index.html[22m [2m(+1ms)[22m 
[2m11:42:07[22m   [34m├─[39m [2m/meta/proposals/structure/index.html[22m [2m(+1ms)[22m 
[2m11:42:07[22m   [34m├─[39m [2m/meta/proposals/terminology/index.html[22m [2m(+1ms)[22m 
[2m11:42:07[22m   [34m├─[39m [2m/meta/reference/built-in-schemas/index.html[22m [2m(+1ms)[22m 
[2m11:42:07[22m   [34m├─[39m [2m/meta/reference/claude-subagent-schema/index.html[22m [2m(+1ms)[22m 
[2m11:42:07[22m   [34m├─[39m [2m/meta/reference/dita-schema/index.html[22m [2m(+1ms)[22m 
[2m11:42:07[22m   [34m├─[39m [2m/meta/reference/okf-schema/index.html[22m [2m(+1ms)[22m 
[2m11:42:07[22m   [34m├─[39m [2m/meta/set-up/sidecar-metadata/index.html[22m [2m(+1ms)[22m 
[2m11:42:07[22m   [34m├─[39m [2m/a11y/index.html[22m [2m(+14ms)[22m 
[2m11:42:07[22m   [34m├─[39m [2m/a11y/ci/index.html[22m [2m(+10ms)[22m 
[2m11:42:07[22m   [34m├─[39m [2m/a11y/fix/index.html[22m [2m(+8ms)[22m 
[2m11:42:07[22m   [34m├─[39m [2m/a11y/get-started/index.html[22m [2m(+7ms)[22m 
[2m11:42:07[22m   [34m├─[39m [2m/a11y/reference/cli/index.html[22m [2m(+9ms)[22m 
[2m11:42:07[22m   [34m├─[39m [2m/cite/index.html[22m [2m(+7ms)[22m 
[2m11:42:07[22m   [34m├─[39m [2m/cite/ci/index.html[22m [2m(+31ms)[22m 
[2m11:42:07[22m   [34m├─[39m [2m/cite/fix/index.html[22m [2m(+10ms)[22m 
[2m11:42:07[22m   [34m├─[39m [2m/cite/get-started/index.html[22m [2m(+21ms)[22m 
[2m11:42:07[22m   [34m├─[39m [2m/cite/reference/citations/index.html[22m [2m(+9ms)[22m 
[2m11:42:07[22m   [34m├─[39m [2m/cite/reference/cli/index.html[22m [2m(+8ms)[22m 
[2m11:42:07[22m   [34m├─[39m [2m/cite/reference/configuration/index.html[22m [2m(+7ms)[22m 
[2m11:42:07[22m   [34m├─[39m [2m/cite/set-up/index.html[22m [2m(+11ms)[22m 
[2m11:42:07[22m   [34m├─[39m [2m/cite/set-up/citations-in-a-sidecar/index.html[22m [2m(+10ms)[22m 
[2m11:42:07[22m   [34m├─[39m [2m/cite/set-up/public-docs-private-code/index.html[22m [2m(+9ms)[22m 
[2m11:42:07[22m   [34m├─[39m [2m/cite/set-up/require-citations/index.html[22m [2m(+7ms)[22m 
[2m11:42:07[22m   [34m├─[39m [2m/docevals/index.html[22m [2m(+6ms)[22m 
[2m11:42:07[22m   [34m├─[39m [2m/docevals/adopt/index.html[22m [2m(+6ms)[22m 
[2m11:42:07[22m   [34m├─[39m [2m/docevals/adopt/move-evals-to-a-manifest/index.html[22m [2m(+11ms)[22m 
[2m11:42:07[22m   [34m├─[39m [2m/docevals/adopt/promote-to-deterministic/index.html[22m [2m(+7ms)[22m 
[2m11:42:07[22m   [34m├─[39m [2m/docevals/adopt/retrofit-a-legacy-corpus/index.html[22m [2m(+6ms)[22m 
[2m11:42:07[22m   [34m├─[39m [2m/docevals/adopt/review-generated-scripts/index.html[22m [2m(+6ms)[22m 
[2m11:42:07[22m   [34m├─[39m [2m/docevals/ci/index.html[22m [2m(+5ms)[22m 
[2m11:42:07[22m   [34m├─[39m [2m/docevals/ci/consume-results/index.html[22m [2m(+6ms)[22m 
[2m11:42:07[22m   [34m├─[39m [2m/docevals/ci/cost-and-caching/index.html[22m [2m(+5ms)[22m 
[2m11:42:07[22m   [34m├─[39m [2m/docevals/ci/exit-codes-and-annotations/index.html[22m [2m(+5ms)[22m 
[2m11:42:07[22m   [34m├─[39m [2m/docevals/ci/local-models/index.html[22m [2m(+6ms)[22m 
[2m11:42:07[22m   [34m├─[39m [2m/docevals/ci/recipes/index.html[22m [2m(+6ms)[22m 
[2m11:42:07[22m   [34m├─[39m [2m/docevals/ci/untrusted-pull-requests/index.html[22m [2m(+5ms)[22m 
[2m11:42:07[22m   [34m├─[39m [2m/docevals/evals/index.html[22m [2m(+6ms)[22m 
[2m11:42:07[22m   [34m├─[39m [2m/docevals/evals/deterministic-checks/index.html[22m [2m(+10ms)[22m 
[2m11:42:07[22m   [34m├─[39m [2m/docevals/evals/named-evals-and-suites/index.html[22m [2m(+6ms)[22m 
[2m11:42:07[22m   [34m├─[39m [2m/docevals/evals/regression-vs-capability/index.html[22m [2m(+5ms)[22m 
[2m11:42:07[22m   [34m├─[39m [2m/docevals/evals/severity-and-findings/index.html[22m [2m(+5ms)[22m 
[2m11:42:07[22m   [34m├─[39m [2m/docevals/evals/write-good-assertions/index.html[22m [2m(+5ms)[22m 
[2m11:42:07[22m   [34m├─[39m [2m/docevals/fix/index.html[22m [2m(+5ms)[22m 
[2m11:42:07[22m   [34m├─[39m [2m/docevals/fix/faq/index.html[22m [2m(+5ms)[22m 
[2m11:42:07[22m   [34m├─[39m [2m/docevals/get-started/index.html[22m [2m(+5ms)[22m 
[2m11:42:07[22m   [34m├─[39m [2m/docevals/get-started/how-docevals-works/index.html[22m [2m(+6ms)[22m 
[2m11:42:07[22m   [34m├─[39m [2m/docevals/judge/index.html[22m [2m(+5ms)[22m 
[2m11:42:07[22m   [34m├─[39m [2m/docevals/judge/calibrate/index.html[22m [2m(+5ms)[22m 
[2m11:42:07[22m   [34m├─[39m [2m/docevals/judge/choose-a-provider/index.html[22m [2m(+6ms)[22m 
[2m11:42:07[22m   [34m├─[39m [2m/docevals/judge/human-review/index.html[22m [2m(+11ms)[22m 
[2m11:42:07[22m   [34m├─[39m [2m/docevals/reference/index.html[22m [2m(+6ms)[22m 
[2m11:42:07[22m   [34m├─[39m [2m/docevals/reference/cli/index.html[22m [2m(+7ms)[22m 
[2m11:42:07[22m   [34m├─[39m [2m/docevals/reference/configuration/index.html[22m [2m(+6ms)[22m 
[2m11:42:07[22m   [34m├─[39m [2m/docevals/reference/files-and-state/index.html[22m [2m(+6ms)[22m 
[2m11:42:07[22m   [34m├─[39m [2m/docevals/reference/frontmatter/index.html[22m [2m(+6ms)[22m 
[2m11:42:07[22m   [34m├─[39m [2m/docevals/reference/glossary/index.html[22m [2m(+5ms)[22m 
[2m11:42:07[22m   [34m├─[39m [2m/docevals/reference/graders/index.html[22m [2m(+5ms)[22m 
[2m11:42:07[22m   [34m├─[39m [2m/docevals/reference/output-and-exit-codes/index.html[22m [2m(+6ms)[22m 
[2m11:42:07[22m   [34m├─[39m [2m/graph/index.html[22m [2m(+6ms)[22m 
[2m11:42:07[22m   [34m├─[39m [2m/graph/ci/index.html[22m [2m(+6ms)[22m 
[2m11:42:07[22m   [34m├─[39m [2m/graph/explore/index.html[22m [2m(+5ms)[22m 
[2m11:42:07[22m   [34m├─[39m [2m/graph/explore/impact/index.html[22m [2m(+11ms)[22m 
[2m11:42:07[22m   [34m├─[39m [2m/graph/fill/index.html[22m [2m(+7ms)[22m 
[2m11:42:07[22m   [34m├─[39m [2m/graph/fix/index.html[22m [2m(+6ms)[22m 
[2m11:42:07[22m   [34m├─[39m [2m/graph/get-started/index.html[22m [2m(+6ms)[22m 
[2m11:42:07[22m   [34m├─[39m [2m/graph/get-started/how-graph-works/index.html[22m [2m(+6ms)[22m 
[2m11:42:07[22m   [34m├─[39m [2m/graph/govern/index.html[22m [2m(+5ms)[22m 
[2m11:42:07[22m   [34m├─[39m [2m/graph/govern/coverage/index.html[22m [2m(+5ms)[22m 
[2m11:42:07[22m   [34m├─[39m [2m/graph/publish/index.html[22m [2m(+7ms)[22m 
[2m11:42:07[22m   [34m├─[39m [2m/graph/reference/index.html[22m [2m(+5ms)[22m 
[2m11:42:07[22m   [34m├─[39m [2m/graph/reference/cli/index.html[22m [2m(+7ms)[22m 
[2m11:42:07[22m   [34m├─[39m [2m/graph/reference/configuration/index.html[22m [2m(+5ms)[22m 
[2m11:42:07[22m   [34m├─[39m [2m/graph/reference/library-api/index.html[22m [2m(+6ms)[22m 
[2m11:42:07[22m   [34m├─[39m [2m/index.html[22m [2m(+10ms)[22m 
[2m11:42:07[22m   [34m├─[39m [2m/key/index.html[22m [2m(+7ms)[22m 
[2m11:42:07[22m   [34m├─[39m [2m/key/ci/index.html[22m [2m(+9ms)[22m 
[2m11:42:07[22m   [34m├─[39m [2m/key/reference/cli/index.html[22m [2m(+7ms)[22m 
[2m11:42:07[22m   [34m├─[39m [2m/key/set-up/index.html[22m [2m(+7ms)[22m 
[2m11:42:07[22m   [34m├─[39m [2m/lint/index.html[22m [2m(+6ms)[22m 
[2m11:42:07[22m   [34m├─[39m [2m/lint/ci/index.html[22m [2m(+7ms)[22m 
[2m11:42:07[22m   [34m├─[39m [2m/lint/fix/index.html[22m [2m(+7ms)[22m 
[2m11:42:07[22m   [34m├─[39m [2m/lint/get-started/index.html[22m [2m(+8ms)[22m 
[2m11:42:07[22m   [34m├─[39m [2m/lint/reference/cli/index.html[22m [2m(+8ms)[22m 
[2m11:42:07[22m   [34m├─[39m [2m/lint/reference/configuration/index.html[22m [2m(+10ms)[22m 
[2m11:42:07[22m   [34m├─[39m [2m/lint/reference/templates/index.html[22m [2m(+7ms)[22m 
[2m11:42:07[22m   [34m├─[39m [2m/lint/set-up/choose-a-structure-tool/index.html[22m [2m(+6ms)[22m 
[2m11:42:07[22m   [34m├─[39m [2m/lint/set-up/write-a-template/index.html[22m [2m(+9ms)[22m 
[2m11:42:07[22m   [34m├─[39m [2m/meta/index.html[22m [2m(+6ms)[22m 
[2m11:42:08[22m   [34m├─[39m [2m/meta/ci/index.html[22m [2m(+9ms)[22m 
[2m11:42:08[22m   [34m├─[39m [2m/meta/ci/consume-results/index.html[22m [2m(+14ms)[22m 
[2m11:42:08[22m   [34m├─[39m [2m/meta/ci/exit-codes-and-annotations/index.html[22m [2m(+6ms)[22m 
[2m11:42:08[22m   [34m├─[39m [2m/meta/ci/govern-shared-schema/index.html[22m [2m(+12ms)[22m 
[2m11:42:08[22m   [34m├─[39m [2m/meta/ci/query-gates/index.html[22m [2m(+8ms)[22m 
[2m11:42:08[22m   [34m├─[39m [2m/meta/ci/recipes/index.html[22m [2m(+9ms)[22m 
[2m11:42:08[22m   [34m├─[39m [2m/meta/fix/index.html[22m [2m(+7ms)[22m 
[2m11:42:08[22m   [34m├─[39m [2m/meta/fix/faq/index.html[22m [2m(+6ms)[22m 
[2m11:42:08[22m   [34m├─[39m [2m/meta/get-started/index.html[22m [2m(+8ms)[22m 
[2m11:42:08[22m   [34m├─[39m [2m/meta/reference/index.html[22m [2m(+5ms)[22m 
[2m11:42:08[22m   [34m├─[39m [2m/meta/reference/action/index.html[22m [2m(+5ms)[22m 
[2m11:42:08[22m   [34m├─[39m [2m/meta/reference/agent-skills-schemas/index.html[22m [2m(+7ms)[22m 
[2m11:42:08[22m   [34m├─[39m [2m/meta/reference/api/index.html[22m [2m(+8ms)[22m 
[2m11:42:08[22m   [34m├─[39m [2m/meta/reference/cli/index.html[22m [2m(+10ms)[22m 
[2m11:42:08[22m   [34m├─[39m [2m/meta/reference/configuration/index.html[22m [2m(+15ms)[22m 
[2m11:42:08[22m   [34m├─[39m [2m/meta/reference/docusaurus-schemas/index.html[22m [2m(+7ms)[22m 
[2m11:42:08[22m   [34m├─[39m [2m/meta/reference/element-metadata/index.html[22m [2m(+7ms)[22m 
[2m11:42:08[22m   [34m├─[39m [2m/meta/reference/formats/index.html[22m [2m(+6ms)[22m 
[2m11:42:08[22m   [34m├─[39m [2m/meta/reference/glossary/index.html[22m [2m(+5ms)[22m 
[2m11:42:08[22m   [34m├─[39m [2m/meta/reference/glossary/base-iri/index.html[22m [2m(+5ms)[22m 
[2m11:42:08[22m   [34m├─[39m [2m/meta/reference/glossary/closed-shape/index.html[22m [2m(+6ms)[22m 
[2m11:42:08[22m   [34m├─[39m [2m/meta/reference/glossary/concept/index.html[22m [2m(+5ms)[22m 
[2m11:42:08[22m   [34m├─[39m [2m/meta/reference/glossary/confidence/index.html[22m [2m(+5ms)[22m 
[2m11:42:08[22m   [34m├─[39m [2m/meta/reference/glossary/coverage/index.html[22m [2m(+5ms)[22m 
[2m11:42:08[22m   [34m├─[39m [2m/meta/reference/glossary/curated-pointer/index.html[22m [2m(+7ms)[22m 
[2m11:42:08[22m   [34m├─[39m [2m/meta/reference/glossary/curie/index.html[22m [2m(+13ms)[22m 
[2m11:42:08[22m   [34m├─[39m [2m/meta/reference/glossary/derivation/index.html[22m [2m(+14ms)[22m 
[2m11:42:08[22m   [34m├─[39m [2m/meta/reference/glossary/dialect/index.html[22m [2m(+9ms)[22m 
[2m11:42:08[22m   [34m├─[39m [2m/meta/reference/glossary/emergent-failure/index.html[22m [2m(+8ms)[22m 
[2m11:42:08[22m   [34m├─[39m [2m/meta/reference/glossary/extraction/index.html[22m [2m(+9ms)[22m 
[2m11:42:08[22m   [34m├─[39m [2m/meta/reference/glossary/extractor/index.html[22m [2m(+8ms)[22m 
[2m11:42:08[22m   [34m├─[39m [2m/meta/reference/glossary/focus-node/index.html[22m [2m(+6ms)[22m 
[2m11:42:08[22m   [34m├─[39m [2m/meta/reference/glossary/frontmatter/index.html[22m [2m(+6ms)[22m 
[2m11:42:08[22m   [34m├─[39m [2m/meta/reference/glossary/graph-block/index.html[22m [2m(+6ms)[22m 
[2m11:42:08[22m   [34m├─[39m [2m/meta/reference/glossary/guardrail/index.html[22m [2m(+5ms)[22m 
[2m11:42:08[22m   [34m├─[39m [2m/meta/reference/glossary/harvest-rule/index.html[22m [2m(+5ms)[22m 
[2m11:42:08[22m   [34m├─[39m [2m/meta/reference/glossary/hub/index.html[22m [2m(+5ms)[22m 
[2m11:42:08[22m   [34m├─[39m [2m/meta/reference/glossary/intelligent-information-delivery/index.html[22m [2m(+5ms)[22m 
[2m11:42:08[22m   [34m├─[39m [2m/meta/reference/glossary/iri/index.html[22m [2m(+5ms)[22m 
[2m11:42:08[22m   [34m├─[39m [2m/meta/reference/glossary/json-ld/index.html[22m [2m(+10ms)[22m 
[2m11:42:08[22m   [34m├─[39m [2m/meta/reference/glossary/json-pointer/index.html[22m [2m(+6ms)[22m 
[2m11:42:08[22m   [34m├─[39m [2m/meta/reference/glossary/localization-manifest/index.html[22m [2m(+5ms)[22m 
[2m11:42:08[22m   [34m├─[39m [2m/meta/reference/glossary/meta-provenance/index.html[22m [2m(+5ms)[22m 
[2m11:42:08[22m   [34m├─[39m [2m/meta/reference/glossary/meta-schema-uri/index.html[22m [2m(+5ms)[22m 
[2m11:42:08[22m   [34m├─[39m [2m/meta/reference/glossary/metadata/index.html[22m [2m(+5ms)[22m 
[2m11:42:08[22m   [34m├─[39m [2m/meta/reference/glossary/namespace/index.html[22m [2m(+5ms)[22m 
[2m11:42:08[22m   [34m├─[39m [2m/meta/reference/glossary/near-miss/index.html[22m [2m(+5ms)[22m 
[2m11:42:08[22m   [34m├─[39m [2m/meta/reference/glossary/okf/index.html[22m [2m(+6ms)[22m 
[2m11:42:08[22m   [34m├─[39m [2m/meta/reference/glossary/orphan/index.html[22m [2m(+7ms)[22m 
[2m11:42:08[22m   [34m├─[39m [2m/meta/reference/glossary/override/index.html[22m [2m(+5ms)[22m 
[2m11:42:08[22m   [34m├─[39m [2m/meta/reference/glossary/quad/index.html[22m [2m(+5ms)[22m 
[2m11:42:08[22m   [34m├─[39m [2m/meta/reference/glossary/schema/index.html[22m [2m(+5ms)[22m 
[2m11:42:08[22m   [34m├─[39m [2m/meta/reference/glossary/schema-key/index.html[22m [2m(+10ms)[22m 
[2m11:42:08[22m   [34m├─[39m [2m/meta/reference/glossary/schema-reference/index.html[22m [2m(+5ms)[22m 
[2m11:42:08[22m   [34m├─[39m [2m/meta/reference/glossary/schema-set/index.html[22m [2m(+5ms)[22m 
[2m11:42:08[22m   [34m├─[39m [2m/meta/reference/glossary/search-index/index.html[22m [2m(+6ms)[22m 
[2m11:42:08[22m   [34m├─[39m [2m/meta/reference/glossary/section/index.html[22m [2m(+5ms)[22m 
[2m11:42:08[22m   [34m├─[39m [2m/meta/reference/glossary/severity/index.html[22m [2m(+5ms)[22m 
[2m11:42:08[22m   [34m├─[39m [2m/meta/reference/glossary/shacl/index.html[22m [2m(+5ms)[22m 
[2m11:42:08[22m   [34m├─[39m [2m/meta/reference/glossary/triple/index.html[22m [2m(+5ms)[22m 
[2m11:42:08[22m   [34m├─[39m [2m/meta/reference/glossary/turn/index.html[22m [2m(+5ms)[22m 
[2m11:42:08[22m   [34m├─[39m [2m/meta/reference/glossary/validation/index.html[22m [2m(+5ms)[22m 
[2m11:42:08[22m   [34m├─[39m [2m/meta/reference/glossary/vector-sidecar/index.html[22m [2m(+5ms)[22m 
[2m11:42:08[22m   [34m├─[39m [2m/meta/reference/glossary/x-manni-graph-output/index.html[22m [2m(+5ms)[22m 
[2m11:42:08[22m   [34m├─[39m [2m/meta/reference/metadata-vocabularies/index.html[22m [2m(+5ms)[22m 
[2m11:42:08[22m   [34m├─[39m [2m/meta/reference/output-and-exit-codes/index.html[22m [2m(+28ms)[22m 
[2m11:42:08[22m   [34m├─[39m [2m/meta/reference/platform-schemas/index.html[22m [2m(+10ms)[22m 
[2m11:42:08[22m   [34m├─[39m [2m/meta/reference/query/index.html[22m [2m(+7ms)[22m 
[2m11:42:08[22m   [34m├─[39m [2m/meta/reference/schema-resolution/index.html[22m [2m(+6ms)[22m 
[2m11:42:08[22m   [34m├─[39m [2m/meta/reference/schemas/index.html[22m [2m(+9ms)[22m 
[2m11:42:08[22m   [34m├─[39m [2m/meta/reference/schemas/agentskills-skill/index.html[22m [2m(+6ms)[22m 
[2m11:42:08[22m   [34m├─[39m [2m/meta/reference/schemas/anthropic-claude-skill/index.html[22m [2m(+5ms)[22m 
[2m11:42:08[22m   [34m├─[39m [2m/meta/reference/schemas/anthropic-claude-subagent/index.html[22m [2m(+6ms)[22m 
[2m11:42:08[22m   [34m├─[39m [2m/meta/reference/schemas/antora-page/index.html[22m [2m(+5ms)[22m 
[2m11:42:08[22m   [34m├─[39m [2m/meta/reference/schemas/astro-starlight/index.html[22m [2m(+10ms)[22m 
[2m11:42:08[22m   [34m├─[39m [2m/meta/reference/schemas/dcmi-elements/index.html[22m [2m(+6ms)[22m 
[2m11:42:08[22m   [34m├─[39m [2m/meta/reference/schemas/diataxis/index.html[22m [2m(+5ms)[22m 
[2m11:42:08[22m   [34m├─[39m [2m/meta/reference/schemas/docusaurus-blog/index.html[22m [2m(+5ms)[22m 
[2m11:42:08[22m   [34m├─[39m [2m/meta/reference/schemas/docusaurus-docs/index.html[22m [2m(+5ms)[22m 
[2m11:42:08[22m   [34m├─[39m [2m/meta/reference/schemas/docusaurus-pages/index.html[22m [2m(+6ms)[22m 
[2m11:42:08[22m   [34m├─[39m [2m/meta/reference/schemas/google-okf/index.html[22m [2m(+6ms)[22m 
[2m11:42:08[22m   [34m├─[39m [2m/meta/reference/schemas/hugo-page/index.html[22m [2m(+6ms)[22m 
[2m11:42:08[22m   [34m├─[39m [2m/meta/reference/schemas/jekyll-page/index.html[22m [2m(+5ms)[22m 
[2m11:42:08[22m   [34m├─[39m [2m/meta/reference/schemas/manni-ai-context/index.html[22m [2m(+5ms)[22m 
[2m11:42:08[22m   [34m├─[39m [2m/meta/reference/schemas/manni-artifact-evals/index.html[22m [2m(+6ms)[22m 
[2m11:42:08[22m   [34m├─[39m [2m/meta/reference/schemas/manni-audience/index.html[22m [2m(+5ms)[22m 
[2m11:42:08[22m   [34m├─[39m [2m/meta/reference/schemas/manni-citations/index.html[22m [2m(+5ms)[22m 
[2m11:42:08[22m   [34m├─[39m [2m/meta/reference/schemas/manni-core/index.html[22m [2m(+10ms)[22m 
[2m11:42:08[22m   [34m├─[39m [2m/meta/reference/schemas/manni-evals/index.html[22m [2m(+6ms)[22m 
[2m11:42:08[22m   [34m├─[39m [2m/meta/reference/schemas/manni-graph/index.html[22m [2m(+5ms)[22m 
[2m11:42:08[22m   [34m├─[39m [2m/meta/reference/schemas/manni-lifecycle/index.html[22m [2m(+6ms)[22m 
[2m11:42:08[22m   [34m├─[39m [2m/meta/reference/schemas/manni-stewardship/index.html[22m [2m(+5ms)[22m 
[2m11:42:08[22m   [34m├─[39m [2m/meta/reference/schemas/manni-structure/index.html[22m [2m(+5ms)[22m 
[2m11:42:08[22m   [34m├─[39m [2m/meta/reference/schemas/manni-terminology/index.html[22m [2m(+5ms)[22m 
[2m11:42:08[22m   [34m├─[39m [2m/meta/reference/schemas/manni-vocabularies/index.html[22m [2m(+6ms)[22m 
[2m11:42:08[22m   [34m├─[39m [2m/meta/reference/schemas/microsoft-learn/index.html[22m [2m(+6ms)[22m 
[2m11:42:08[22m   [34m├─[39m [2m/meta/reference/schemas/mkdocs-material/index.html[22m [2m(+6ms)[22m 
[2m11:42:08[22m   [34m├─[39m [2m/meta/reference/schemas/myst-frontmatter/index.html[22m [2m(+6ms)[22m 
[2m11:42:08[22m   [34m├─[39m [2m/meta/reference/schemas/oasis-dita-metadata/index.html[22m [2m(+6ms)[22m 
[2m11:42:08[22m   [34m├─[39m [2m/meta/reference/schemas/ogp-article/index.html[22m [2m(+11ms)[22m 
[2m11:42:08[22m   [34m├─[39m [2m/meta/reference/schemas/passo-uno-seven-action/index.html[22m [2m(+6ms)[22m 
[2m11:42:08[22m   [34m├─[39m [2m/meta/reference/schemas/sphinx-docinfo/index.html[22m [2m(+6ms)[22m 
[2m11:42:08[22m   [34m├─[39m [2m/meta/reference/schemas/tgdp-templates/index.html[22m [2m(+5ms)[22m 
[2m11:42:08[22m   [34m├─[39m [2m/meta/reference/schemas/tgdp-templates-1-0/index.html[22m [2m(+5ms)[22m 
[2m11:42:08[22m   [34m├─[39m [2m/meta/reference/schemas/vitepress-page/index.html[22m [2m(+5ms)[22m 
[2m11:42:08[22m   [34m├─[39m [2m/meta/reference/schemas/x-cards/index.html[22m [2m(+5ms)[22m 
[2m11:42:08[22m   [34m├─[39m [2m/meta/reference/taxonomy-schemas/index.html[22m [2m(+5ms)[22m 
[2m11:42:08[22m   [34m├─[39m [2m/meta/schemas/index.html[22m [2m(+9ms)[22m 
[2m11:42:08[22m   [34m├─[39m [2m/meta/schemas/encrypted-fields/index.html[22m [2m(+5ms)[22m 
[2m11:42:08[22m   [34m├─[39m [2m/meta/schemas/field-location/index.html[22m [2m(+6ms)[22m 
[2m11:42:08[22m   [34m├─[39m [2m/meta/schemas/resolution/index.html[22m [2m(+12ms)[22m 
[2m11:42:08[22m   [34m├─[39m [2m/meta/schemas/versioning/index.html[22m [2m(+10ms)[22m 
[2m11:42:08[22m   [34m├─[39m [2m/meta/set-up/index.html[22m [2m(+7ms)[22m 
[2m11:42:08[22m   [34m├─[39m [2m/meta/set-up/config/index.html[22m [2m(+6ms)[22m 
[2m11:42:08[22m   [34m├─[39m [2m/meta/set-up/derived-metadata/index.html[22m [2m(+7ms)[22m 
[2m11:42:08[22m   [34m├─[39m [2m/meta/set-up/different-schemas-per-folder/index.html[22m [2m(+6ms)[22m 
[2m11:42:08[22m   [34m├─[39m [2m/meta/set-up/external-metadata/index.html[22m [2m(+10ms)[22m 
[2m11:42:08[22m   [34m├─[39m [2m/meta/set-up/fill-providers/index.html[22m [2m(+6ms)[22m 
[2m11:42:08[22m   [34m├─[39m [2m/meta/set-up/machine-authorship/index.html[22m [2m(+11ms)[22m 
[2m11:42:08[22m   [34m├─[39m [2m/meta/set-up/new-required-field/index.html[22m [2m(+6ms)[22m 
[2m11:42:08[22m   [34m├─[39m [2m/meta/set-up/retrofit/index.html[22m [2m(+6ms)[22m 
[2m11:42:08[22m   [34m├─[39m [2m/site/index.html[22m [2m(+6ms)[22m 
[2m11:42:08[22m   [34m├─[39m [2m/site/reference/cli/index.html[22m [2m(+6ms)[22m 
[2m11:42:08[22m   [34m├─[39m [2m/term/index.html[22m [2m(+5ms)[22m 
[2m11:42:08[22m   [34m├─[39m [2m/term/ci/index.html[22m [2m(+7ms)[22m 
[2m11:42:08[22m   [34m├─[39m [2m/term/fix/index.html[22m [2m(+6ms)[22m 
[2m11:42:08[22m   [34m├─[39m [2m/term/get-started/index.html[22m [2m(+7ms)[22m 
[2m11:42:08[22m   [34m├─[39m [2m/term/reference/cli/index.html[22m [2m(+7ms)[22m 
[2m11:42:08[22m   [34m├─[39m [2m/term/reference/configuration/index.html[22m [2m(+5ms)[22m 
[2m11:42:08[22m   [34m├─[39m [2m/term/reference/rules/index.html[22m [2m(+10ms)[22m 
[2m11:42:08[22m   [34m├─[39m [2m/term/reference/terminology/index.html[22m [2m(+6ms)[22m 
[2m11:42:08[22m   [34m├─[39m [2m/term/set-up/index.html[22m [2m(+7ms)[22m 
[2m11:42:08[22m   [34m├─[39m [2m/term/set-up/move-and-hand-off/index.html[22m [2m(+9ms)[22m 
[2m11:42:08[22m   [34m├─[39m [2m/tracevals/index.html[22m [2m(+6ms)[22m 
[2m11:42:08[22m   [34m├─[39m [2m/tracevals/ci/index.html[22m [2m(+7ms)[22m 
[2m11:42:08[22m   [34m├─[39m [2m/tracevals/ci/consume-results/index.html[22m [2m(+6ms)[22m 
[2m11:42:08[22m   [34m├─[39m [2m/tracevals/ci/exit-codes-and-reports/index.html[22m [2m(+5ms)[22m 
[2m11:42:08[22m   [34m├─[39m [2m/tracevals/declare/index.html[22m [2m(+5ms)[22m 
[2m11:42:08[22m   [34m├─[39m [2m/tracevals/declare/coverage/index.html[22m [2m(+6ms)[22m 
[2m11:42:08[22m   [34m├─[39m [2m/tracevals/declare/fill/index.html[22m [2m(+10ms)[22m 
[2m11:42:08[22m   [34m├─[39m [2m/tracevals/extend/index.html[22m [2m(+7ms)[22m 
[2m11:42:08[22m   [34m├─[39m [2m/tracevals/extend/custom-graders/index.html[22m [2m(+6ms)[22m 
[2m11:42:08[22m   [34m├─[39m [2m/tracevals/get-started/index.html[22m [2m(+12ms)[22m 
[2m11:42:08[22m   [34m├─[39m [2m/tracevals/judge/index.html[22m [2m(+7ms)[22m 
[2m11:42:08[22m   [34m├─[39m [2m/tracevals/judge/calibrate/index.html[22m [2m(+7ms)[22m 
[2m11:42:08[22m   [34m├─[39m [2m/tracevals/judge/schema-versioning/index.html[22m [2m(+7ms)[22m 
[2m11:42:09[22m   [34m├─[39m [2m/tracevals/reference/index.html[22m [2m(+5ms)[22m 
[2m11:42:09[22m   [34m├─[39m [2m/tracevals/reference/api/index.html[22m [2m(+6ms)[22m 
[2m11:42:09[22m   [34m├─[39m [2m/tracevals/reference/cli/index.html[22m [2m(+6ms)[22m 
[2m11:42:09[22m   [34m├─[39m [2m/tracevals/reference/configuration/index.html[22m [2m(+10ms)[22m 
[2m11:42:09[22m   [34m├─[39m [2m/tracevals/reference/evals-schema/index.html[22m [2m(+6ms)[22m 
[2m11:42:09[22m   [34m├─[39m [2m/tracevals/reference/glossary/index.html[22m [2m(+8ms)[22m 
[2m11:42:09[22m   [34m├─[39m [2m/tracevals/reference/graders/index.html[22m [2m(+7ms)[22m 
[2m11:42:09[22m   [34m├─[39m [2m/tracevals/reference/report-and-exit-codes/index.html[22m [2m(+6ms)[22m 
[2m11:42:09[22m   [34m├─[39m [2m/tracevals/reference/traces/index.html[22m [2m(+6ms)[22m 
[2m11:42:09[22m   [34m├─[39m [2m/tracevals/triage/index.html[22m [2m(+6ms)[22m 
[2m11:42:09[22m   [34m├─[39m [2m/tracevals/triage/faq/index.html[22m [2m(+5ms)[22m 
[2m11:42:09[22m [32m✓ Completed in 1.78s.
[39m
[2m11:42:09[22m [34m[build][39m [32m✓ Completed in 9.75s.[39m
[2m11:42:09[22m [34m[starlight:pagefind][39m Building search index with Pagefind...
[2m11:42:10[22m [34m[starlight:pagefind][39m Found 257 HTML files.
[2m11:42:10[22m [34m[starlight:pagefind][39m Finished building search index in 1.41s.
[2m11:42:10[22m [34m[@astrojs/sitemap][39m `sitemap-index.xml` created at `dist`
[2m11:42:10[22m [34m[build][39m 239 page(s) built in [1m11.98s[22m
[2m11:42:10[22m [34m[build][39m [1mComplete![22m
manni: Starlight in docs/. Running npm run preview -- --host 127.0.0.1 --port 4321

> manni-docs@0.0.1 preview
> astro preview --host 127.0.0.1 --port 4321

[astro] `markdown.remarkPlugins`, `markdown.rehypePlugins`, and `markdown.remarkRehype` are deprecated. Pass them to `unified({...})` from `@astrojs/markdown-remark` directly instead.
[42m[1m astro [22m[49m [32mv7.2.9[39m [2mready in[22m 12 [2mms[22m
[2m┃[22m Local    [36mhttp://127.0.0.1:4321/manni[39m
