      "path": "CLAUDE.md",
      "path": "prompt",
      "path": "plan",
      "path": "specs/001-login/spec.md",
      "path": "specs/001-login/tasks.md",
      "path": ".kiro/specs/reset-password/requirements.md",
      "path": ".kiro/specs/reset-password/tasks.md",
      "path": "openspec/changes/add-reset/proposal.md",
      "path": "openspec/changes/add-reset/specs/auth/spec.md",
      "path": "docs/plans/reset.md",
