[m
 [4mdocs\fitting.md[24m
 3:27  [33mwarning  [mSpell out 'PAL' on first use, as 'progressive lens (PAL)'.          Terms.PAL        
 4:3   [33mwarning  [mUse 'progressive lens' instead of 'no-line bifocal'.                Terms.Deprecated 
 5:6   [31merror    [mWrite 'Progressive Lens' in lowercase, except to start a sentence.  Terms.Lowercase  

✖ [31m1 error[m, [33m2 warnings [mand [34m0 suggestions [min 1 file.
