Using manni.config.yaml (.)
[32m✓[39m docs/auth.md
[31m✗[39m docs/billing.md
    [36m/jira[39m  must match pattern "^PLAT-[0-9]+$"[2m  (http://127.0.0.1:8765/docs-meta.yaml:6)[22m  [2m[./private.schema.json][22m
[31m✗[39m docs/new.md
    [36m(root)[39m  must have required property 'jira'[2m  (line 1)[22m  [2m[./private.schema.json][22m
[31m✗[39m docs/ops.md
    [36m/jira[39m  "jira" is owned by sidecar http://127.0.0.1:8765/docs-meta.yaml; remove it from the document[2m  (line 3)[22m  [2m[sidecar:owned][22m

[31m4 files checked, 1 passed, 3 failed, 3 errors[39m
