Using manni.config.yaml (.)
[32m✓[39m docs/auth.md
[31m✗[39m docs/billing.md
    [36m/jira[39m  must match pattern "^PLAT-[0-9]+$"[2m  (docs-meta.yaml:6)[22m  [2m[./private.schema.json][22m
[31m✗[39m docs/dup-a.md
    [36m/id[39m  2 documents carry id "shared"; docs-meta.yaml cannot tell them apart (docs/dup-b.md)[2m  (line 3)[22m  [2m[sidecar:duplicate][22m
[31m✗[39m docs/dup-b.md
    [36m/id[39m  2 documents carry id "shared"; docs-meta.yaml cannot tell them apart (docs/dup-a.md)[2m  (line 3)[22m  [2m[sidecar:duplicate][22m

[31m4 files checked, 1 passed, 3 failed, 3 errors[39m
